built train: 160000 lines, 7519554 tokens, 0 misaligned tokens -> /home/vercel-sandbox/gpu-utils-wt/gpu-log/packages/gpu-log/training/data/cache/train-160000-1.npz
built heldout: 12000 lines, 561660 tokens, 0 misaligned tokens -> /home/vercel-sandbox/gpu-utils-wt/gpu-log/packages/gpu-log/training/data/cache/heldout-12000-2.npz
params: 150,042
epoch 0 step 200/16670 loss 3.0837 (8s)
epoch 0 step 400/16670 loss 2.2006 (15s)
epoch 0 step 600/16670 loss 1.7306 (21s)
epoch 0 step 800/16670 loss 1.4378 (28s)
epoch 0 step 1000/16670 loss 1.2270 (36s)
epoch 0 step 1200/16670 loss 1.0741 (43s)
epoch 0 step 1400/16670 loss 0.9525 (50s)
epoch 0 step 1600/16670 loss 0.8562 (56s)
epoch 0 step 1800/16670 loss 0.7766 (63s)
epoch 0 step 2000/16670 loss 0.7100 (70s)
epoch 0 step 2200/16670 loss 0.6547 (77s)
epoch 0 step 2400/16670 loss 0.6065 (83s)
epoch 0 step 2600/16670 loss 0.5671 (91s)
epoch 0 step 2800/16670 loss 0.5326 (99s)
epoch 0 step 3000/16670 loss 0.5013 (106s)
epoch 0 step 3200/16670 loss 0.4745 (112s)
epoch 0 done: train loss 0.4580; held-out (int6) tok 0.9378 span-F1 0.9754 kind 0.9941 line 0.9042 (124s)
epoch 1 step 3400/16670 loss 0.0383 (127s)
epoch 1 step 3600/16670 loss 0.0421 (133s)
epoch 1 step 3800/16670 loss 0.0545 (141s)
epoch 1 step 4000/16670 loss 0.0528 (148s)
epoch 1 step 4200/16670 loss 0.0519 (155s)
epoch 1 step 4400/16670 loss 0.0542 (163s)
epoch 1 step 4600/16670 loss 0.0537 (171s)
epoch 1 step 4800/16670 loss 0.0515 (179s)
epoch 1 step 5000/16670 loss 0.0516 (187s)
epoch 1 step 5200/16670 loss 0.0516 (195s)
epoch 1 step 5400/16670 loss 0.0507 (202s)
epoch 1 step 5600/16670 loss 0.0500 (210s)
epoch 1 step 5800/16670 loss 0.0504 (219s)
epoch 1 step 6000/16670 loss 0.0496 (227s)
epoch 1 step 6200/16670 loss 0.0489 (235s)
epoch 1 step 6400/16670 loss 0.0482 (244s)
epoch 1 step 6600/16670 loss 0.0470 (252s)
epoch 1 done: train loss 0.0467; held-out (int6) tok 0.9436 span-F1 0.9891 kind 0.9970 line 0.9479 (262s)
epoch 2 step 6800/16670 loss 0.0341 (268s)
epoch 2 step 7000/16670 loss 0.0353 (276s)
epoch 2 step 7200/16670 loss 0.0312 (284s)
epoch 2 step 7400/16670 loss 0.0328 (292s)
epoch 2 step 7600/16670 loss 0.0331 (299s)
epoch 2 step 7800/16670 loss 0.0327 (307s)
epoch 2 step 8000/16670 loss 0.0327 (315s)
epoch 2 step 8200/16670 loss 0.0322 (323s)
epoch 2 step 8400/16670 loss 0.0310 (330s)
epoch 2 step 8600/16670 loss 0.0312 (338s)
epoch 2 step 8800/16670 loss 0.0309 (347s)
epoch 2 step 9000/16670 loss 0.0296 (353s)
epoch 2 step 9200/16670 loss 0.0300 (362s)
epoch 2 step 9400/16670 loss 0.0306 (370s)
epoch 2 step 9600/16670 loss 0.0295 (377s)
epoch 2 step 9800/16670 loss 0.0296 (385s)
epoch 2 step 10000/16670 loss 0.0293 (393s)
epoch 2 done: train loss 0.0292; held-out (int6) tok 0.9452 span-F1 0.9924 kind 0.9976 line 0.9652 (400s)
epoch 3 step 10200/16670 loss 0.0223 (407s)
epoch 3 step 10400/16670 loss 0.0273 (415s)
epoch 3 step 10600/16670 loss 0.0241 (422s)
epoch 3 step 10800/16670 loss 0.0213 (429s)
epoch 3 step 11000/16670 loss 0.0217 (437s)
epoch 3 step 11200/16670 loss 0.0211 (445s)
epoch 3 step 11400/16670 loss 0.0217 (453s)
epoch 3 step 11600/16670 loss 0.0226 (462s)
epoch 3 step 11800/16670 loss 0.0213 (470s)
epoch 3 step 12000/16670 loss 0.0209 (477s)
epoch 3 step 12200/16670 loss 0.0213 (485s)
epoch 3 step 12400/16670 loss 0.0210 (493s)
epoch 3 step 12600/16670 loss 0.0212 (501s)
epoch 3 step 12800/16670 loss 0.0217 (510s)
epoch 3 step 13000/16670 loss 0.0215 (518s)
epoch 3 step 13200/16670 loss 0.0210 (525s)
epoch 3 done: train loss 0.0208; held-out (int6) tok 0.9461 span-F1 0.9947 kind 0.9978 line 0.9748 (538s)
epoch 4 step 13400/16670 loss 0.0236 (541s)
epoch 4 step 13600/16670 loss 0.0123 (548s)
epoch 4 step 13800/16670 loss 0.0167 (557s)
epoch 4 step 14000/16670 loss 0.0173 (565s)
epoch 4 step 14200/16670 loss 0.0164 (573s)
epoch 4 step 14400/16670 loss 0.0150 (580s)
epoch 4 step 14600/16670 loss 0.0150 (588s)
epoch 4 step 14800/16670 loss 0.0151 (596s)
epoch 4 step 15000/16670 loss 0.0152 (604s)
epoch 4 step 15200/16670 loss 0.0161 (613s)
epoch 4 step 15400/16670 loss 0.0168 (621s)
epoch 4 step 15600/16670 loss 0.0169 (629s)
epoch 4 step 15800/16670 loss 0.0162 (636s)
epoch 4 step 16000/16670 loss 0.0166 (644s)
epoch 4 step 16200/16670 loss 0.0163 (651s)
epoch 4 step 16400/16670 loss 0.0167 (659s)
epoch 4 step 16600/16670 loss 0.0168 (667s)
epoch 4 done: train loss 0.0165; held-out (int6) tok 0.9461 span-F1 0.9955 kind 0.9979 line 0.9786 (677s)
saved /home/vercel-sandbox/gpu-utils-wt/gpu-log/packages/gpu-log/training/runs/latest.pt after 677s
